dsaf
a
f

